(1619905138.482906) can0 1E0052D0#4466942600000021
(1619905138.483039) can0 1E0012D0#00000179285FFE01
(1619905138.483178) can0 1E0052D0#4466942600000021
(1619905138.483320) can0 1E0092D0#40155F4F00000000
(1619905138.483461) can0 1E00D2D0#4030B49000000000
(1619905138.483602) can0 1E0112D0#414A55BD00000000
(1619905138.483742) can0 1E0152D0#4163333300000000
(1619905138.483884) can0 1E0192D0#41643E7400000004
(1619905138.484023) can0 1E0352D0#4261D1AA00000000
(1619905138.484169) can0 1E0392D0#3F80000000000027
(1619905138.484315) can0 1E03D2D0#3F80000000000029
(1619905138.484462) can0 1E0412D0#000000000000000C
(1619905138.484604) can0 1E0452D0#410E0DF300000000
(1619905138.484745) can0 1E01D2D0#41643E7400000000
(1619905138.484886) can0 1E0212D0#41643E7400000000
(1619905138.485033) can0 1E0492D0#0000000000000000
(1619905138.485182) can0 1E04D2D0#0000000000000000
(1619905138.485327) can0 1E0512D0#0000000000000000
(1619905138.485468) can0 1E0552D0#428401CE00000000
(1619905138.485610) can0 1E0592D0#417B049C00000000
(1619905138.485756) can0 1E05D2D0#0000000000000000
(1619905138.485897) can0 1E06D2D0#445A6D2600000000
(1619905138.486041) can0 1E0712D0#4213EBDA00000000
(1619905138.486188) can0 1E0752D0#0000000000000000
(1619905138.486331) can0 1E0792D0#42FB209900000000
(1619905138.486473) can0 1E07D2D0#432061AF00000000
(1619905138.486620) can0 1E0612D0#0000000000000000
(1619905138.486762) can0 1E0692D0#41A93E6D00000000
(1619905138.486902) can0 1E0812D0#42ACC56500000000
(1619905138.487044) can0 1E0852D0#415CFE2100000017
(1619905138.487183) can0 1E0892D0#C1457AE400000013
(1619905138.487323) can0 1E08D2D0#422E071100000017
(1619905138.487471) can0 1E0912D0#0000000000000000
(1619905138.487615) can0 1E0952D0#000000000000002C
(1619905138.487760) can0 1E0992D0#000000000000002C
(1619905138.487906) can0 1E0A52D0#000000000000001A
(1619905138.488051) can0 1E0A92D0#000000000000001A
(1619905138.488196) can0 1E0AD2D0#000000000000001A
(1619905138.488341) can0 1E0B12D0#000000000000002A
(1619905138.488486) can0 1E0B52D0#000000000000002A
(1619905138.488631) can0 1E09D2D0#000000000000002C
(1619905138.488778) can0 1E0A12D0#000000000000002A
(1619905138.488924) can0 1E0B92D0#000000000000002A
(1619905138.489071) can0 1E0BD2D0#000000000000002A
(1619905138.489219) can0 1E0C12D0#0000000000000000
(1619905138.489365) can0 1E0C52D0#0000000000000030
(1619905138.489511) can0 1E0C92D0#0000000000000030
(1619905138.489654) can0 1E0CD2D0#40A7C8B000000000
(1619905138.489802) can0 1E0D12D0#0000000000000000
(1619905138.489945) can0 1E0D92D0#4163333300000000
(1619905138.490093) can0 1E0DD2D0#4000000000000000
(1619905138.490237) can0 1E0E12D0#3FFFC6DC00000000
(1619905138.490384) can0 1E0E52D0#0000000000000000
(1619905138.490532) can0 1E0E92D0#000000000000001F
(1619905138.490675) can0 1E0D52D0#418AB0B800000000
(1619905138.490822) can0 1E0ED2D0#0000000000000000
(1619905138.490970) can0 1E0F52D0#47FFFF8000000000
(1619905138.491115) can0 1E0F92D0#4268000000000000
(1619905138.491262) can0 1E0FD2D0#0000000000000000
(1619905138.491408) can0 1E1012D0#0000000000000000
(1619905138.491554) can0 1E1052D0#0000000000000000
(1619905138.491701) can0 1E1092D0#0000000000000000
(1619905138.491847) can0 1E10D2D0#0000000000000000
(1619905138.491993) can0 1E1112D0#0000000000000000
(1619905138.492134) can0 1E1152D0#400D29AA00000000
(1619905138.492274) can0 1E1192D0#400D29AA00000000
(1619905138.492415) can0 1E11D2D0#400D29AA00000000
(1619905138.492556) can0 1E1212D0#400D29AA00000000
(1619905138.492701) can0 1E1252D0#0000000000000000
(1619905138.492847) can0 1E1292D0#0000000000000000
(1619905138.492985) can0 1E0052D0#44672B5B00000021
(1619905138.493131) can0 1E12D2D0#0000000000000000
(1619905138.493276) can0 1E1312D0#0000000000000000
(1619905138.493421) can0 1E1352D0#0000000000000000
(1619905138.493568) can0 1E1392D0#0000000000000000
(1619905138.493716) can0 1E13D2D0#0000000000000000
(1619905138.493862) can0 1E1412D0#0000000000000000
(1619905138.494001) can0 1E1492D0#40153B6F00000000
(1619905138.494140) can0 1E14D2D0#40153B6F00000000
(1619905138.494280) can0 1E1512D0#40153B6F00000000
(1619905138.494426) can0 1E1552D0#0000000000000000
(1619905138.494571) can0 1E1592D0#0000000000000000
(1619905138.494710) can0 1E1452D0#4014EA4600000000
(1619905138.494855) can0 1E15D2D0#0000000000000000
(1619905138.495000) can0 1E1612D0#0000000000000000
(1619905138.495145) can0 1E1652D0#0000000000000000
(1619905138.495291) can0 1E1692D0#0000000000000000
(1619905138.495436) can0 1E16D2D0#0000000000000000
(1619905138.495583) can0 1E1712D0#0000000000000000
(1619905138.495731) can0 1E1752D0#0000000000000000
(1619905138.495877) can0 1E1792D0#0000000000000000
(1619905138.496023) can0 1E17D2D0#0000000000000000
(1619905138.496169) can0 1E1812D0#0000000000000000
(1619905138.496314) can0 1E1852D0#0000000000000000
(1619905138.496459) can0 1E1892D0#0000000000000000
(1619905138.496605) can0 1E18D2D0#0000000000000000
(1619905138.496752) can0 1E1912D0#0000000000000000
(1619905138.496898) can0 1E0F12D0#0000000000000000
(1619905138.497043) can0 1E1952D0#0000000000000000
(1619905138.497188) can0 1E1992D0#0000000000000000
(1619905138.497334) can0 1E19D2D0#0000000000000000
(1619905138.497481) can0 1E1A12D0#0000000000000000
(1619905138.497626) can0 1E1A52D0#0000000000000000
(1619905138.497772) can0 1E1A92D0#0000000000000000
(1619905138.497917) can0 1E1B52D0#8000000000000000
(1619905138.498063) can0 1E1B92D0#8000000000000000
(1619905138.498208) can0 1E1BD2D0#8000000000000000
(1619905138.498354) can0 1E1C12D0#8000000000000000
(1619905138.498499) can0 1E1C52D0#8000000000000000
(1619905138.498647) can0 1E1AD2D0#0000000000000000
(1619905138.498792) can0 1E1B12D0#0000000000000000
(1619905138.498937) can0 1E1CD2D0#8000000000000000
(1619905138.499084) can0 1E1D12D0#8000000000000000
(1619905138.499230) can0 1E1D52D0#0000000000000000
(1619905138.499376) can0 1E1D92D0#0000000000000000
(1619905138.499524) can0 1E1DD2D0#0000000000000000
(1619905138.499670) can0 1E1E12D0#0000000000000000
(1619905138.499818) can0 1E1E52D0#0000000000000000
(1619905138.499964) can0 1E1E92D0#0000000000000000
(1619905138.500110) can0 1E1ED2D0#0000000000000000
(1619905138.500256) can0 1E1F12D0#0000000000000000
(1619905138.500402) can0 1E1F52D0#0000000000000000
(1619905138.500545) can0 1E1F92D0#C0E5208D00000000
(1619905138.500687) can0 1E3C92D0#4974240000000000
(1619905138.500833) can0 1E3CD2D0#0000000000000000
(1619905138.500976) can0 1E3D12D0#4359000000000000
(1619905138.501121) can0 1E3D52D0#40A0000000000000
(1619905138.501267) can0 1E3D92D0#0000000000000000
(1619905138.501414) can0 1E3DD2D0#0000000000000000
(1619905138.501561) can0 1E3E12D0#3F80000000000000
(1619905138.501710) can0 1E3E52D0#0000000000000000
(1619905138.501857) can0 1E3E92D0#0000000000000000
(1619905138.502001) can0 1E3ED2D0#4110000000000000
(1619905138.502143) can0 1E3F12D0#4974DF8000000000
(1619905138.502285) can0 1E3F52D0#4974628000000000
(1619905138.502431) can0 1E3F92D0#0000000000000000
(1619905138.502579) can0 1E3FD2D0#0000000000000000
(1619905138.502725) can0 1E4012D0#0000000000000000
(1619905138.502871) can0 1E4052D0#0000000000000000
(1619905138.503009) can0 1E0052D0#44673DE500000021
(1619905138.503156) can0 1E4092D0#0000000000000000
(1619905138.503301) can0 1E40D2D0#0000000000000000
(1619905138.503447) can0 1E4112D0#0000000000000000
(1619905138.503593) can0 1E4152D0#0000000000000000
(1619905138.503741) can0 1E6E12D0#0000000000000000
(1619905138.503886) can0 1E6ED2D0#0000000000000000
(1619905138.504032) can0 1E6F12D0#0000000000000000
(1619905138.504179) can0 1E6F52D0#0000000000000000
(1619905138.504326) can0 1E6F92D0#0000000000000000
(1619905138.504473) can0 1E6E52D0#0000000000000000
(1619905138.504619) can0 1E6E92D0#0000000000000000
(1619905138.504765) can0 1E6FD2D0#0000000000000000
(1619905138.504910) can0 1E1C92D0#8000000000000000
(1619905138.505057) can0 1E7012D0#0000000000000000
(1619905138.505203) can0 1E7052D0#0000000000000000
(1619905138.505347) can0 1E7092D0#0000000000000000
(1619905138.505494) can0 1E70D2D0#0000000000000000
(1619905138.505639) can0 1E7112D0#0000000000000000
(1619905138.505784) can0 1E7152D0#0000000000000000
(1619905138.505930) can0 1E71D2D0#0000000000000000
(1619905138.506077) can0 1E7212D0#0000000000000000
(1619905138.506221) can0 1E7252D0#0000000000000000
(1619905138.506367) can0 1E7292D0#0000000000000000
(1619905138.506512) can0 1E72D2D0#0000000000000000
(1619905138.506657) can0 1E7192D0#0000000000000000
(1619905138.506803) can0 1E7312D0#0000000000000000
(1619905138.506950) can0 1E7392D0#0000000000000000
(1619905138.507098) can0 1E73D2D0#0000000000000000
(1619905138.507245) can0 1E7412D0#0000000000000000
(1619905138.507392) can0 1E7452D0#0000000000000000
(1619905138.507538) can0 1E7492D0#0000000000000000
(1619905138.507684) can0 1E74D2D0#0000000000000000
(1619905138.507830) can0 1E7512D0#0000000000000000
(1619905138.507975) can0 1E7552D0#0000000000000000
(1619905138.508120) can0 1E7592D0#0000000000000000
(1619905138.508267) can0 1E75D2D0#0000000000000000
(1619905138.508413) can0 1E7612D0#0000000000000000
(1619905138.508557) can0 1E7652D0#0000000000000000
(1619905138.508702) can0 1E7692D0#0000000000000000
(1619905138.508847) can0 1E76D2D0#0000000000000000
(1619905138.508993) can0 1E7712D0#0000000000000000
(1619905138.509141) can0 1E7752D0#0000000000000000
(1619905138.509286) can0 1E7352D0#0000000000000000
(1619905138.509428) can0 1E0252D0#42C83AF400000000
(1619905138.509572) can0 1E0292D0#42C8000000000000
(1619905138.509719) can0 1E02D2D0#0000000000000000
(1619905138.509862) can0 1E0312D0#42C8000000000000
(1619905138.510881) can0 1E0012D0#00000179285FFE1D
(1619905138.511019) can0 1E0052D0#44673DE500000021
(1619905138.511161) can0 1E0092D0#40146FD000000000
(1619905138.511304) can0 1E00D2D0#402F834000000000
(1619905138.511445) can0 1E0112D0#414A014200000000
(1619905138.511595) can0 1E0152D0#4163333300000000
(1619905138.511727) can0 1E0192D0#4163D68000000004
(1619905138.511870) can0 1E01D2D0#4163E7F500000000
(1619905138.512009) can0 1E0352D0#4261C37200000000
(1619905138.512155) can0 1E0392D0#3F80000000000027
(1619905138.512300) can0 1E03D2D0#3F80000000000029
(1619905138.512447) can0 1E0412D0#000000000000000C
(1619905138.512589) can0 1E0452D0#410C55FE00000000
